Setting logging level to INFO
2026-04-14 09:20:02.650-0500 | main | INFO  | Besu | Starting Besu
2026-04-14 09:20:02.878-0500 | main | INFO  | Besu | RPC HTTP JSON-RPC config: JsonRpcConfiguration{enabled=true, port=8055, host=0.0.0.0, corsAllowedDomains=[*], hostsAllowlist=[*], rpcApis=[ETH, NET, WEB3, TXPOOL, TRACE], authenticationEnabled=false, authenticationCredentialsFile=null, authenticationPublicKeyFile=null, tlsConfiguration=Optional.empty, httpTimeoutSec=30, maxActiveConnections=80, maxBatchSize=1024}
2026-04-14 09:20:02.880-0500 | main | WARN  | Besu | Forcing --bonsai-limit-trie-logs-enabled=false, since it cannot be enabled with --sync-mode=FULL and --data-storage-format=BONSAI.
2026-04-14 09:20:02.881-0500 | main | INFO  | Besu | Connecting to 0 static nodes.
2026-04-14 09:20:02.888-0500 | main | WARN  | Besu | Forcing price bump for transaction replacement to 0, since min-gas-price is set to 0
2026-04-14 09:20:02.889-0500 | main | WARN  | Besu | Forcing tx-pool-min-gas-price=0, since it cannot be greater than the value of min-gas-price
2026-04-14 09:20:02.896-0500 | main | INFO  | Besu | jemalloc library not found, memory usage may be reduced by installing it
2026-04-14 09:20:02.950-0500 | main | INFO  | Besu | 
####################################################################################################
#                                                                                                  #
# Besu version 25.11.0                                                                             #
#                                                                                                  #
# Configuration:                                                                                   #
# Network: Custom genesis file                                                                     #
# /home/unified/server-UGO-besu/Nodes/Node-FCI-RPC1/../../genesis.json                             #
# Network Id: 12345                                                                                #
# Profile: ENTERPRISE                                                                              #
# Data storage: Bonsai                                                                             #
# Sync mode: Full                                                                                  #
# Sync min peers: 5                                                                                #
# RPC HTTP APIs: ETH,NET,WEB3,TXPOOL,TRACE                                                         #
# RPC HTTP port: 8055                                                                              #
# Using LAYERED transaction pool implementation                                                    #
# Using STACKED worldstate update mode                                                             #
# Opcode optimizations enabled                                                                     #
# Parallel transaction processing enabled                                                          #
# Target Gas Limit: 60M                                                                            #
#                                                                                                  #
# Host:                                                                                            #
# Java: openjdk-java-21                                                                            #
# Maximum heap size: 3.88 GB                                                                       #
# OS: linux-x86_64                                                                                 #
# glibc: 2.39                                                                                      #
# Total memory: 15.49 GB                                                                           #
# CPU cores: 24                                                                                    #
#                                                                                                  #
# Plugin Registration Summary:                                                                     #
# No plugins have been registered.                                                                 #
# TOTAL = 0 of 0 plugins successfully registered.                                                  #
#                                                                                                  #
####################################################################################################
2026-04-14 09:20:02.951-0500 | main | INFO  | Besu | Security Module: localfile
2026-04-14 09:20:02.951-0500 | main | INFO  | VersionMetadata | Lookup version metadata file in data directory: /home/unified/server-UGO-besu/Nodes/Node-FCI-RPC1/data
2026-04-14 09:20:02.976-0500 | main | INFO  | VersionMetadata | Existing version data detected. Besu version 25.11.0
2026-04-14 09:20:03.001-0500 | main | INFO  | Besu | Using the native implementation of alt bn128
2026-04-14 09:20:03.002-0500 | main | INFO  | Besu | Using the Java implementation of modexp
2026-04-14 09:20:03.003-0500 | main | INFO  | Besu | Using the native implementation of the signature algorithm
2026-04-14 09:20:03.004-0500 | main | INFO  | Besu | Using the native implementation of the blake2bf algorithm
2026-04-14 09:20:03.088-0500 | main | INFO  | Besu | Using the native BoringSSL implementation of p256verify
2026-04-14 09:20:03.129-0500 | main | WARN  | Besu | Forcing price bump for transaction replacement to 0, since min-gas-price is set to 0
2026-04-14 09:20:03.129-0500 | main | WARN  | Besu | Forcing tx-pool-min-gas-price=0, since it cannot be greater than the value of min-gas-price
2026-04-14 09:20:03.130-0500 | main | INFO  | KeyPairUtil | Attempting to load public key from /home/unified/server-UGO-besu/Nodes/Node-FCI-RPC1/data/key
2026-04-14 09:20:03.144-0500 | main | INFO  | KeyPairUtil | Loaded public key 0x4f12073342d9f870da63de00eee2dbd9b123cfd84f496c8813e32ff9ccf16938e4e2015bdc45433ab6e63bd33111dc049a0a20bcc0531cf139ebc79efddbca39 from /home/unified/server-UGO-besu/Nodes/Node-FCI-RPC1/data/key
2026-04-14 09:20:03.204-0500 | main | INFO  | ProtocolScheduleBuilder | Protocol schedule created with milestones: [Berlin:0]
2026-04-14 09:20:03.205-0500 | main | INFO  | DatabaseMetadata | Lookup database metadata file in data directory: /home/unified/server-UGO-besu/Nodes/Node-FCI-RPC1/data
2026-04-14 09:20:03.219-0500 | main | INFO  | RocksDBKeyValueStorageFactory | Existing database at /home/unified/server-UGO-besu/Nodes/Node-FCI-RPC1/data. Metadata versionedStorageFormat=BaseVersionedStorageFormat{format=BONSAI, version=3}. Processing WAL...
2026-04-14 09:20:04.644-0500 | main | INFO  | FlatDbStrategyProvider | Flat db mode found FULL
2026-04-14 09:20:04.647-0500 | main | INFO  | FlatDbStrategyProvider | DB mode with code stored using code hash enabled = true
2026-04-14 09:20:04.656-0500 | main | INFO  | FlatDbStrategyProvider | Flat db mode found FULL
2026-04-14 09:20:04.657-0500 | main | INFO  | FlatDbStrategyProvider | DB mode with code stored using code hash enabled = true
2026-04-14 09:20:04.713-0500 | main | INFO  | TransactionPoolFactory | Enabling transaction pool
2026-04-14 09:20:04.727-0500 | main | INFO  | BesuControllerBuilder | QBFT is configured, creating initial sync for BFT
2026-04-14 09:20:04.727-0500 | main | INFO  | BFTPivotSelectorFromPeers | Creating pivot block selector for BFT node
2026-04-14 09:20:04.750-0500 | main | INFO  | RunnerBuilder | Resolved 1 bootnodes.
2026-04-14 09:20:04.755-0500 | main | INFO  | RunnerBuilder | Detecting NAT service.
2026-04-14 09:20:04.916-0500 | main | INFO  | Runner | Starting external services ... 
2026-04-14 09:20:04.916-0500 | main | INFO  | MetricsHttpService | Starting metrics http service on 0.0.0.0:9548
2026-04-14 09:20:04.929-0500 | main | INFO  | JsonRpcHttpService | Starting JSON-RPC service on 0.0.0.0:8055
2026-04-14 09:20:05.002-0500 | vert.x-eventloop-thread-1 | INFO  | JsonRpcHttpService | JSON-RPC service started and listening on 0.0.0.0:8055
2026-04-14 09:20:05.003-0500 | main | INFO  | WebSocketService | Starting Websocket service on 0.0.0.0:8056
2026-04-14 09:20:05.004-0500 | vert.x-eventloop-thread-1 | INFO  | WebSocketService | Websocket service started and listening on 0.0.0.0:8056
2026-04-14 09:20:05.005-0500 | main | INFO  | AutoTransactionLogBloomCachingService | Starting auto transaction log bloom caching service.
2026-04-14 09:20:05.005-0500 | main | INFO  | LogBloomCacheMetadata | Lookup cache metadata file in data directory: /home/unified/server-UGO-besu/Nodes/Node-FCI-RPC1/data/caches
2026-04-14 09:20:05.011-0500 | main | INFO  | Runner | Starting Ethereum main loop ... 
2026-04-14 09:20:05.011-0500 | main | INFO  | NatService | No NAT environment detected so no service could be started
2026-04-14 09:20:05.011-0500 | main | INFO  | NetworkRunner | Starting Network.
2026-04-14 09:20:05.018-0500 | nioEventLoopGroup-2-1 | INFO  | RlpxAgent | P2P RLPx agent started and listening on /[0:0:0:0:0:0:0:0]:30306.
2026-04-14 09:20:05.018-0500 | main | INFO  | PeerDiscoveryAgent | Starting peer discovery agent on host=0.0.0.0, port=30306. IPv6 available.
2026-04-14 09:20:05.026-0500 | vert.x-eventloop-thread-1 | INFO  | VertxPeerDiscoveryAgent | Started peer discovery agent successfully, on effective host=0:0:0:0:0:0:0:0 and port=30306
2026-04-14 09:20:05.027-0500 | vert.x-eventloop-thread-1 | INFO  | PeerDiscoveryAgent | P2P peer discovery agent started and listening on /[0:0:0:0:0:0:0:0]:30306
2026-04-14 09:20:05.047-0500 | vert.x-eventloop-thread-1 | INFO  | PeerDiscoveryAgent | Writing node record to disk. NodeRecord{seq=2, publicKey=0x034f12073342d9f870da63de00eee2dbd9b123cfd84f496c8813e32ff9ccf16938, udpAddress=Optional[/0.0.0.0:30306], tcpAddress=Optional[/0.0.0.0:30306], udp6Address=Optional.empty, tcp6Address=Optional.empty, asBase64=-Je4QKyLGR48MN2fSYQLDUP1idjtmM5PkYk0v5rC-rRSv736c81OOBd-F4yqBdxVoVMCESWnGSgapc4LyDeHe2LP18ECg2V0aMfGhHgXe9aAgmlkgnY0gmlwhAAAAACJc2VjcDI1NmsxoQNPEgczQtn4cNpj3gDu4tvZsSPP2E9JbIgT4y_5zPFpOIN0Y3CCdmKDdWRwgnZi, nodeId=0x57db629140cf477ccb16e62f207ead5da47712ee7227303b607338c728bf16c9, customFields={tcp=30306, udp=30306, eth=[[0x78177bd6, 0x]], id=V4, ip=0x00000000, secp256k1=0x034f12073342d9f870da63de00eee2dbd9b123cfd84f496c8813e32ff9ccf16938}}
2026-04-14 09:20:05.059-0500 | main | INFO  | DefaultP2PNetwork | Enode URL enode://4f12073342d9f870da63de00eee2dbd9b123cfd84f496c8813e32ff9ccf16938e4e2015bdc45433ab6e63bd33111dc049a0a20bcc0531cf139ebc79efddbca39@0.0.0.0:30306
2026-04-14 09:20:05.059-0500 | main | INFO  | DefaultP2PNetwork | Node address 0x207ead5da47712ee7227303b607338c728bf16c9
2026-04-14 09:20:05.063-0500 | main | INFO  | NetworkRunner | Supported capabilities: [eth/68, eth/69], [istanbul/100], [snap/1]
2026-04-14 09:20:05.064-0500 | main | INFO  | DefaultSynchronizer | Starting synchronizer.
2026-04-14 09:20:05.066-0500 | main | INFO  | TransactionPoolFactory | Enabling transaction handling following initial sync
2026-04-14 09:20:05.066-0500 | main | INFO  | BftMiningCoordinator | Starting BFT mining coordinator following initial sync
2026-04-14 09:20:05.130-0500 | main | INFO  | FullSyncDownloader | Starting full sync.
2026-04-14 09:20:05.130-0500 | main | INFO  | FullSyncTargetManager | Unable to find sync target. Waiting for 5 peers minimum. Currently checking 0 peers for usefulness
2026-04-14 09:20:05.132-0500 | main | INFO  | Runner | Ethereum main loop is up.
2026-04-14 09:20:08.041-0500 | nioEventLoopGroup-3-1 | INFO  | BlockPropagationManager | Saved announced block for future import 2040 (0xf1a3a8b62f96ec166cccdeb1f36a60042ada5bbd293d024ce9d040eb625544d3) - 1 saved block(s)
2026-04-14 09:20:08.041-0500 | nioEventLoopGroup-3-1 | INFO  | BlockPropagationManager | Retrieving parent 0x2387b0b6ba8fce229e6b3cd15db5e136c59b2be16a4b05f9bf1535f858cd20b8 of block 2040 (0xf1a3a8b62f96ec166cccdeb1f36a60042ada5bbd293d024ce9d040eb625544d3)
2026-04-14 09:20:08.054-0500 | EthScheduler-Services-0 | INFO  | BlockPropagationManager | Saved announced block for future import 2039 (0x2387b0b6ba8fce229e6b3cd15db5e136c59b2be16a4b05f9bf1535f858cd20b8) - 2 saved block(s)
2026-04-14 09:20:08.054-0500 | EthScheduler-Services-0 | INFO  | BlockPropagationManager | Retrieving parent 0x4cae0c60433a1c2a4029d1c0d5763cfc7f50140298e98967bc1991844287a8cc of block 2039 (0x2387b0b6ba8fce229e6b3cd15db5e136c59b2be16a4b05f9bf1535f858cd20b8)
2026-04-14 09:20:08.079-0500 | EthScheduler-Workers-0 | INFO  | PersistBlockTask | Imported empty block #2,038 / 0 tx / 0 om / 0 (0.0%) gas / (0x4cae0c60433a1c2a4029d1c0d5763cfc7f50140298e98967bc1991844287a8cc) in 0.017s. Peers: 1
2026-04-14 09:20:08.084-0500 | EthScheduler-Workers-0 | INFO  | PersistBlockTask | Imported empty block #2,039 / 0 tx / 0 om / 0 (0.0%) gas / (0x2387b0b6ba8fce229e6b3cd15db5e136c59b2be16a4b05f9bf1535f858cd20b8) in 0.003s. Peers: 1
2026-04-14 09:20:08.085-0500 | EthScheduler-Workers-0 | INFO  | BlockPropagationManager | Imported 1 pending blocks: [2039]
2026-04-14 09:20:08.088-0500 | EthScheduler-Workers-0 | INFO  | PersistBlockTask | Imported empty block #2,040 / 0 tx / 0 om / 0 (0.0%) gas / (0xf1a3a8b62f96ec166cccdeb1f36a60042ada5bbd293d024ce9d040eb625544d3) in 0.003s. Peers: 1
2026-04-14 09:20:08.088-0500 | EthScheduler-Workers-0 | INFO  | BlockPropagationManager | Imported 1 pending blocks: [2040]
2026-04-14 09:20:22.129-0500 | EthScheduler-Workers-0 | INFO  | PersistBlockTask | Imported empty block #2,041 / 0 tx / 0 om / 0 (0.0%) gas / (0xa15fabf633ef1be698dd786c5f30f81b7787ea37a74fb8321b088ac9121591b7) in 0.004s. Peers: 3
2026-04-14 09:20:27.025-0500 | EthScheduler-Workers-0 | INFO  | PersistBlockTask | Imported empty block #2,042 / 0 tx / 0 om / 0 (0.0%) gas / (0xf3640118c0306142ba16c8094564869b8a9627065407fe8276266aedc3424be3) in 0.004s. Peers: 3
2026-04-14 09:20:32.031-0500 | EthScheduler-Workers-0 | INFO  | PersistBlockTask | Imported empty block #2,043 / 0 tx / 0 om / 0 (0.0%) gas / (0xd423f264b67b715ae65240a325f9850b64f24fd39669e2a3c65e70f4f961e4a9) in 0.004s. Peers: 3
2026-04-14 09:20:37.036-0500 | EthScheduler-Workers-0 | INFO  | PersistBlockTask | Imported empty block #2,044 / 0 tx / 0 om / 0 (0.0%) gas / (0x9598d4cb282ec3f8c902df4c82f677b8529380941bf2191b37217d68f0441bde) in 0.004s. Peers: 4
2026-04-14 09:20:51.384-0500 | EthScheduler-Workers-0 | INFO  | PersistBlockTask | Imported empty block #2,045 / 0 tx / 0 om / 0 (0.0%) gas / (0x7c1a701042cf68e92f6e75d81d1fd57bd8153b900d4cc44300bb7ce705083297) in 0.006s. Peers: 7
2026-04-14 09:20:56.049-0500 | EthScheduler-Workers-0 | INFO  | PersistBlockTask | Imported empty block #2,046 / 0 tx / 0 om / 0 (0.0%) gas / (0xeaf34b99e3c52b8db98bd1b92fb289f8cdbdf8574a684e25828a056941c81974) in 0.009s. Peers: 7
2026-04-14 09:21:01.035-0500 | EthScheduler-Workers-0 | INFO  | PersistBlockTask | Imported empty block #2,047 / 0 tx / 0 om / 0 (0.0%) gas / (0xfd1b5d63648369580d960e2661b157932285932e5029842063b8c9b68a3bef28) in 0.006s. Peers: 7
2026-04-14 09:21:06.036-0500 | EthScheduler-Workers-0 | INFO  | PersistBlockTask | Imported empty block #2,048 / 0 tx / 0 om / 0 (0.0%) gas / (0x8f52d9f450471abd7001fc90aac3e76913317a72bea053949c3b2ea28619e022) in 0.006s. Peers: 7
2026-04-14 09:21:11.021-0500 | EthScheduler-Workers-0 | INFO  | PersistBlockTask | Imported empty block #2,049 / 0 tx / 0 om / 0 (0.0%) gas / (0x1680299ceb3a82a9b1f8c621ec9685daad104a2efea913077b9eeaf9b00f339e) in 0.003s. Peers: 7
2026-04-14 09:21:24.711-0500 | EthScheduler-Workers-0 | INFO  | PersistBlockTask | Imported empty block #2,050 / 0 tx / 0 om / 0 (0.0%) gas / (0x8d8b42134dd6d32d6db59078df1d9ad019937a0c244edbd3716970f31f87d369) in 0.003s. Peers: 7
2026-04-14 09:21:29.029-0500 | EthScheduler-Workers-0 | INFO  | PersistBlockTask | Imported empty block #2,051 / 0 tx / 0 om / 0 (0.0%) gas / (0x7afbf4f8dd80a75eb1ad6dbb54a902bec2382030a5a11f3abba46c40cf232f6f) in 0.003s. Peers: 7
2026-04-14 09:21:34.032-0500 | EthScheduler-Workers-0 | INFO  | PersistBlockTask | Imported empty block #2,052 / 0 tx / 0 om / 0 (0.0%) gas / (0x46e1eacaedc04da2f7d5887b658fd7b65620ecaad12993f2454b73275b274dc8) in 0.003s. Peers: 7
2026-04-14 09:21:39.024-0500 | EthScheduler-Workers-0 | INFO  | PersistBlockTask | Imported empty block #2,053 / 0 tx / 0 om / 0 (0.0%) gas / (0xbb66b6f4fc7e54e89b36648f9a367936986451ab4f0a4ec526b671114d604dab) in 0.004s. Peers: 7
2026-04-14 09:21:44.020-0500 | EthScheduler-Workers-0 | INFO  | PersistBlockTask | Imported empty block #2,054 / 0 tx / 0 om / 0 (0.0%) gas / (0xf78ad0510249d80ebfcb6fdd47e5d38eff045ffe14ad668a87616f969309adb9) in 0.005s. Peers: 7
2026-04-14 09:21:57.852-0500 | EthScheduler-Workers-0 | INFO  | PersistBlockTask | Imported empty block #2,055 / 0 tx / 0 om / 0 (0.0%) gas / (0x0f8a88869bc05a154adae4135d82467d4fb524690d5b94ba52ad044b66c1f2b7) in 0.003s. Peers: 7
2026-04-14 09:22:02.018-0500 | EthScheduler-Workers-0 | INFO  | PersistBlockTask | Imported empty block #2,056 / 0 tx / 0 om / 0 (0.0%) gas / (0x407d703e7d2ca37664e769ea7ba6d7534263c46c5ca13c9a364dad7e4648f093) in 0.003s. Peers: 7
2026-04-14 09:22:07.024-0500 | EthScheduler-Workers-0 | INFO  | PersistBlockTask | Imported empty block #2,057 / 0 tx / 0 om / 0 (0.0%) gas / (0x0c19b984234483a281cc48323ac99dfc8292061949e52d111c6ce43379935c62) in 0.004s. Peers: 7
2026-04-14 09:22:12.025-0500 | EthScheduler-Workers-0 | INFO  | PersistBlockTask | Imported empty block #2,058 / 0 tx / 0 om / 0 (0.0%) gas / (0x1a8df99858006a1cc9f16bbff795c3c5c4b40890466a449d4e80a4882a5c615e) in 0.003s. Peers: 7
2026-04-14 09:22:25.995-0500 | EthScheduler-Workers-0 | INFO  | PersistBlockTask | Imported empty block #2,059 / 0 tx / 0 om / 0 (0.0%) gas / (0x044d66d616650eeb82c7e49af2f1a7b28d51adb8ffe24462889706f2d4a8b15f) in 0.006s. Peers: 7
2026-04-14 09:22:30.021-0500 | EthScheduler-Workers-0 | INFO  | PersistBlockTask | Imported empty block #2,060 / 0 tx / 0 om / 0 (0.0%) gas / (0x0139546c6de616e21578f2ec69d38660d505009bf5421b908c113dd350fcec92) in 0.004s. Peers: 7
2026-04-14 09:22:35.023-0500 | EthScheduler-Workers-0 | INFO  | PersistBlockTask | Imported empty block #2,061 / 0 tx / 0 om / 0 (0.0%) gas / (0xed4aa983d0e0a684e50faffa75d7ccab9e6c9cb48533d15a5c62d251375804b5) in 0.004s. Peers: 7
2026-04-14 09:22:40.016-0500 | EthScheduler-Workers-0 | INFO  | PersistBlockTask | Imported empty block #2,062 / 0 tx / 0 om / 0 (0.0%) gas / (0x1c97025df4ea6101f577173ad1d93a07c05ab547ff47ade464c9449a63018baf) in 0.003s. Peers: 7
2026-04-14 09:22:45.022-0500 | EthScheduler-Workers-0 | INFO  | PersistBlockTask | Imported empty block #2,063 / 0 tx / 0 om / 0 (0.0%) gas / (0x7a9b2831975ced1518d088100b9ba74bfc3afdf0aafa98226842d6cd2c4cba66) in 0.004s. Peers: 7
2026-04-14 09:22:58.831-0500 | EthScheduler-Workers-0 | INFO  | PersistBlockTask | Imported empty block #2,064 / 0 tx / 0 om / 0 (0.0%) gas / (0x255f74f2ba74d73727b938df910ea9fd245837df853e946bf4e204e783f0c2eb) in 0.007s. Peers: 7
2026-04-14 09:23:03.036-0500 | EthScheduler-Workers-0 | INFO  | PersistBlockTask | Imported empty block #2,065 / 0 tx / 0 om / 0 (0.0%) gas / (0x28a1ad566dbd45285a294c5cdb51bccb6fc385b5aa99295cb865b6677a87d136) in 0.005s. Peers: 7
2026-04-14 09:23:08.032-0500 | EthScheduler-Workers-0 | INFO  | PersistBlockTask | Imported empty block #2,066 / 0 tx / 0 om / 0 (0.0%) gas / (0x79562adbcd99c89ade8e5b101bad39821fe2b8d648bf462a0cf7760f342bf91e) in 0.003s. Peers: 7
2026-04-14 09:23:13.016-0500 | EthScheduler-Workers-0 | INFO  | PersistBlockTask | Imported empty block #2,067 / 0 tx / 0 om / 0 (0.0%) gas / (0xdd133d3094fae04e83a7db4dfe50d68c13c3d302acec23a6137456d384f94f9d) in 0.002s. Peers: 7
2026-04-14 09:23:26.895-0500 | EthScheduler-Workers-0 | INFO  | PersistBlockTask | Imported empty block #2,068 / 0 tx / 0 om / 0 (0.0%) gas / (0xced6af1e2a854ede3bccb21dec8f81dade55986c95dae072a519cb55f4defa4a) in 0.004s. Peers: 7
2026-04-14 09:23:31.033-0500 | EthScheduler-Workers-0 | INFO  | PersistBlockTask | Imported empty block #2,069 / 0 tx / 0 om / 0 (0.0%) gas / (0xb13a9a5fbff65d3ff8f940d303b414fb27234f348b5e9f0ede4f8eb7f60e672e) in 0.014s. Peers: 7
2026-04-14 09:23:36.022-0500 | EthScheduler-Workers-0 | INFO  | PersistBlockTask | Imported empty block #2,070 / 0 tx / 0 om / 0 (0.0%) gas / (0x3eb6bf05486ccb50b03857766c51b98e263b27902e8e51eadb33403b63c86baf) in 0.002s. Peers: 7
2026-04-14 09:23:41.019-0500 | EthScheduler-Workers-0 | INFO  | PersistBlockTask | Imported empty block #2,071 / 0 tx / 0 om / 0 (0.0%) gas / (0x4acb96f67868a60822a1c66480ae632db63f9bed1ec805cf60f14dce0148317b) in 0.003s. Peers: 7
2026-04-14 09:23:46.028-0500 | EthScheduler-Workers-0 | INFO  | PersistBlockTask | Imported empty block #2,072 / 0 tx / 0 om / 0 (0.0%) gas / (0xa10036e53f533663bdf377c384e65eae00c37bb1c452da8262231aa5de23e6d4) in 0.003s. Peers: 7
2026-04-14 09:23:59.883-0500 | EthScheduler-Workers-0 | INFO  | PersistBlockTask | Imported empty block #2,073 / 0 tx / 0 om / 0 (0.0%) gas / (0xa7e87bf6b934c1f022e10f4d1e001661ef49507631e2ba88cd318b6cbffd2a82) in 0.004s. Peers: 7
2026-04-14 09:24:04.021-0500 | EthScheduler-Workers-0 | INFO  | PersistBlockTask | Imported empty block #2,074 / 0 tx / 0 om / 0 (0.0%) gas / (0xd8a96c4c2fdf583ce5e97b3fed9e4f25b9d4f44be6ea70e38e325ed0e3fe9e3a) in 0.004s. Peers: 7
2026-04-14 09:24:09.029-0500 | EthScheduler-Workers-0 | INFO  | PersistBlockTask | Imported empty block #2,075 / 0 tx / 0 om / 0 (0.0%) gas / (0xc10d30d24dfdad105352e8c945df40186f592a1c7f515659f2f6d86f4f06b74a) in 0.004s. Peers: 7
2026-04-14 09:24:14.020-0500 | EthScheduler-Workers-0 | INFO  | PersistBlockTask | Imported empty block #2,076 / 0 tx / 0 om / 0 (0.0%) gas / (0x19871d7326ecc1a1cd53a80b8b13d32e68be96e313c96196af479df7df1ebbc7) in 0.005s. Peers: 7
2026-04-14 09:24:19.019-0500 | EthScheduler-Workers-0 | INFO  | PersistBlockTask | Imported empty block #2,077 / 0 tx / 0 om / 0 (0.0%) gas / (0xbc76f2286499824d85eeeb469720bf66a5caeda51baf3726ddd1e0e6f011e10c) in 0.003s. Peers: 7
2026-04-14 09:24:32.900-0500 | EthScheduler-Workers-0 | INFO  | PersistBlockTask | Imported empty block #2,078 / 0 tx / 0 om / 0 (0.0%) gas / (0xdef14d4485cf789748ce6f90ffdddeaed6f90eb2cb68d127fc212df46151c64d) in 0.003s. Peers: 7
2026-04-14 09:24:37.018-0500 | EthScheduler-Workers-0 | INFO  | PersistBlockTask | Imported empty block #2,079 / 0 tx / 0 om / 0 (0.0%) gas / (0x324755372c7469f5dd27d4227d62b56e20f79fea41166d86f63d6300090bd0a4) in 0.003s. Peers: 7
2026-04-14 09:24:42.023-0500 | EthScheduler-Workers-0 | INFO  | PersistBlockTask | Imported empty block #2,080 / 0 tx / 0 om / 0 (0.0%) gas / (0x3cab54f7fabf2c48deb25e75456480b03e95ee52bfbc69da081c9397017d8c0b) in 0.003s. Peers: 7
2026-04-14 09:24:47.027-0500 | EthScheduler-Workers-0 | INFO  | PersistBlockTask | Imported empty block #2,081 / 0 tx / 0 om / 0 (0.0%) gas / (0x3e64991720353cf7798d26c701666b78ba8daf0979556d4a2cfb9798d1015d29) in 0.005s. Peers: 7
2026-04-14 09:25:00.906-0500 | EthScheduler-Workers-0 | INFO  | PersistBlockTask | Imported empty block #2,082 / 0 tx / 0 om / 0 (0.0%) gas / (0x981fa12176e1f7ce45319161609c7740a115bc64ff8a269c3980c6d66bbc4139) in 0.002s. Peers: 7
2026-04-14 09:25:05.019-0500 | EthScheduler-Workers-0 | INFO  | PersistBlockTask | Imported empty block #2,083 / 0 tx / 0 om / 0 (0.0%) gas / (0x68cdd1054bd5b395823c828bff049062d63b0b6f73fd997f193428f0c019bc91) in 0.002s. Peers: 7
2026-04-14 09:25:10.018-0500 | EthScheduler-Workers-0 | INFO  | PersistBlockTask | Imported empty block #2,084 / 0 tx / 0 om / 0 (0.0%) gas / (0x3123279ace8606c1b34a74f6e0229b3117906b4bf4b9cfa5e869a268cee3ca67) in 0.003s. Peers: 7
2026-04-14 09:25:15.022-0500 | EthScheduler-Workers-0 | INFO  | PersistBlockTask | Imported empty block #2,085 / 0 tx / 0 om / 0 (0.0%) gas / (0x28f6334ad57e142789dc138935812062b4283c9093899a94c9b23a5a85e78da5) in 0.002s. Peers: 7
2026-04-14 09:25:20.014-0500 | EthScheduler-Workers-0 | INFO  | PersistBlockTask | Imported empty block #2,086 / 0 tx / 0 om / 0 (0.0%) gas / (0xe66d4d400ce453f91fd521ac01615a8fae7dba07c37cf9880883d1c547921fd8) in 0.003s. Peers: 7
2026-04-14 09:25:33.897-0500 | EthScheduler-Workers-0 | INFO  | PersistBlockTask | Imported empty block #2,087 / 0 tx / 0 om / 0 (0.0%) gas / (0x13c04a1ff8528db328aa8cb64c950e93499afbafabae88ef97fc54d0fa5b4a68) in 0.003s. Peers: 7
2026-04-14 09:25:38.024-0500 | EthScheduler-Workers-0 | INFO  | PersistBlockTask | Imported empty block #2,088 / 0 tx / 0 om / 0 (0.0%) gas / (0x4ba73509de1ec308a4ce894cf9ff4571949b076695eb55074e15f6b075a61380) in 0.005s. Peers: 7
2026-04-14 09:25:43.015-0500 | EthScheduler-Workers-0 | INFO  | PersistBlockTask | Imported empty block #2,089 / 0 tx / 0 om / 0 (0.0%) gas / (0xf3db25dc7ce55c8fe84e9935cd3f5c2ab20019e6850e603e3962be38274ba114) in 0.003s. Peers: 7
2026-04-14 09:25:48.029-0500 | EthScheduler-Workers-0 | INFO  | PersistBlockTask | Imported empty block #2,090 / 0 tx / 0 om / 0 (0.0%) gas / (0x3eac92a12e3550a8761afc7e405026af69e63946947eab04d740e24a8ff7d0c6) in 0.004s. Peers: 7
2026-04-14 09:25:53.021-0500 | EthScheduler-Workers-0 | INFO  | PersistBlockTask | Imported empty block #2,091 / 0 tx / 0 om / 0 (0.0%) gas / (0x0e6a684c2b923d4981f47fe84fea013182559328ac7609b8854dd178fcfac69d) in 0.003s. Peers: 7
2026-04-14 09:26:06.849-0500 | EthScheduler-Workers-0 | INFO  | PersistBlockTask | Imported empty block #2,092 / 0 tx / 0 om / 0 (0.0%) gas / (0xcf6116e276618ec057aedf19c59c0fabdf0b8ec3c7cf7f2e3a8c870d9c1414ae) in 0.003s. Peers: 7
2026-04-14 09:26:11.018-0500 | EthScheduler-Workers-0 | INFO  | PersistBlockTask | Imported empty block #2,093 / 0 tx / 0 om / 0 (0.0%) gas / (0xd6c3beadec5f5befec83cb709515d0eb1b0d878773181909017367bb6beea887) in 0.002s. Peers: 7
2026-04-14 09:26:16.018-0500 | EthScheduler-Workers-0 | INFO  | PersistBlockTask | Imported empty block #2,094 / 0 tx / 0 om / 0 (0.0%) gas / (0x2dc1d35535b0556161920cbc85a31d913b7b4a7e02843c8607fa6ca51836d887) in 0.003s. Peers: 7
2026-04-14 09:26:21.020-0500 | EthScheduler-Workers-0 | INFO  | PersistBlockTask | Imported empty block #2,095 / 0 tx / 0 om / 0 (0.0%) gas / (0xeea72b612607e8d4c84a7e46b30cbd6c4599bbe340aa1c3b5719cfa42daa5843) in 0.003s. Peers: 7
2026-04-14 09:26:34.796-0500 | EthScheduler-Workers-0 | INFO  | PersistBlockTask | Imported empty block #2,096 / 0 tx / 0 om / 0 (0.0%) gas / (0x93166af5b85b8f416fa55cb5d134824d38279f553ecab78852f1056e7d62c98d) in 0.006s. Peers: 7
2026-04-14 09:26:39.031-0500 | EthScheduler-Workers-0 | INFO  | PersistBlockTask | Imported empty block #2,097 / 0 tx / 0 om / 0 (0.0%) gas / (0xd7cdbbdc2793ccd4976b045bf4eae739d3b08ac4950725c778e3be1668f7d97d) in 0.005s. Peers: 7
2026-04-14 09:26:44.022-0500 | EthScheduler-Workers-0 | INFO  | PersistBlockTask | Imported empty block #2,098 / 0 tx / 0 om / 0 (0.0%) gas / (0x57c6fb1c3197622e1aeedf88a726b6b503522d8ff759be12f9617adda6a552cc) in 0.002s. Peers: 7
2026-04-14 09:26:49.014-0500 | EthScheduler-Workers-0 | INFO  | PersistBlockTask | Imported empty block #2,099 / 0 tx / 0 om / 0 (0.0%) gas / (0xba56391ed40b3e4ee17d2eee3caf79255baaa2e84cc4295b2bc07a60cb8ab6d3) in 0.002s. Peers: 7
2026-04-14 09:26:54.030-0500 | EthScheduler-Workers-0 | INFO  | PersistBlockTask | Imported empty block #2,100 / 0 tx / 0 om / 0 (0.0%) gas / (0x9539adb1c1bf5bbde3dab9c190d7a9f4b293a4a63437e4a746a8dd5be56e2695) in 0.003s. Peers: 7
2026-04-14 09:27:07.769-0500 | EthScheduler-Workers-0 | INFO  | PersistBlockTask | Imported empty block #2,101 / 0 tx / 0 om / 0 (0.0%) gas / (0x40f9e5e9fbe7c80c3d11736a46e72100ca4bb6a0ba063a5e9c02e3a92137fdb0) in 0.009s. Peers: 7
2026-04-14 09:27:12.021-0500 | EthScheduler-Workers-0 | INFO  | PersistBlockTask | Imported empty block #2,102 / 0 tx / 0 om / 0 (0.0%) gas / (0xabd12fe4f05f00d0e1f610e08327b120a9a2e0c2ae7c8b7330935212b4fe8737) in 0.005s. Peers: 7
2026-04-14 09:27:17.026-0500 | EthScheduler-Workers-0 | INFO  | PersistBlockTask | Imported empty block #2,103 / 0 tx / 0 om / 0 (0.0%) gas / (0xca28f8609dd59a41734bc3f52c98c90a53ca86d1b662c9e505a234e4886606ea) in 0.005s. Peers: 7
2026-04-14 09:27:22.017-0500 | EthScheduler-Workers-0 | INFO  | PersistBlockTask | Imported empty block #2,104 / 0 tx / 0 om / 0 (0.0%) gas / (0x43f60c1522e2987dcd4f10a8ea7909e8e66b4955cddc8c2b196d33b1748c0fe6) in 0.003s. Peers: 7
2026-04-14 09:27:35.798-0500 | EthScheduler-Workers-0 | INFO  | PersistBlockTask | Imported empty block #2,105 / 0 tx / 0 om / 0 (0.0%) gas / (0xfd925335d26d5e7fbb0a89e27079d26e3a35767413d5491212ab9c208cb7b559) in 0.002s. Peers: 7
2026-04-14 09:27:40.025-0500 | EthScheduler-Workers-0 | INFO  | PersistBlockTask | Imported empty block #2,106 / 0 tx / 0 om / 0 (0.0%) gas / (0x661fc74a57ad2787e17c4c4b6d12bffa87e2f8ecc5e7e02be3b386dc36329532) in 0.003s. Peers: 7
2026-04-14 09:27:45.015-0500 | EthScheduler-Workers-0 | INFO  | PersistBlockTask | Imported empty block #2,107 / 0 tx / 0 om / 0 (0.0%) gas / (0x6374e29787fa563d6468f8732c886423859924c6dc6b4569b0049ac4e1bd3342) in 0.004s. Peers: 7
2026-04-14 09:27:50.024-0500 | EthScheduler-Workers-0 | INFO  | PersistBlockTask | Imported empty block #2,108 / 0 tx / 0 om / 0 (0.0%) gas / (0xb6963293b219c1b271fcf8217d791c395a77f85d38be9ee481c806b758ed7b66) in 0.004s. Peers: 7
2026-04-14 09:27:55.017-0500 | EthScheduler-Workers-0 | INFO  | PersistBlockTask | Imported empty block #2,109 / 0 tx / 0 om / 0 (0.0%) gas / (0x4fb196067e359b876d099ff3a7a0f9033dc59edaff33fb7ab5bea20e5e681dab) in 0.003s. Peers: 7
2026-04-14 09:28:08.797-0500 | EthScheduler-Workers-0 | INFO  | PersistBlockTask | Imported empty block #2,110 / 0 tx / 0 om / 0 (0.0%) gas / (0x16c0c161c3ac44845d24d9b3c9d653dbfad7cee21a5d982e230841b031f7da04) in 0.005s. Peers: 7
2026-04-14 09:28:13.024-0500 | EthScheduler-Workers-0 | INFO  | PersistBlockTask | Imported empty block #2,111 / 0 tx / 0 om / 0 (0.0%) gas / (0x7276f0a79b49688c0fb43b8caa03ae272a85be67ed93fd673a1229bd2bf036e5) in 0.006s. Peers: 7
2026-04-14 09:28:18.029-0500 | EthScheduler-Workers-0 | INFO  | PersistBlockTask | Imported empty block #2,112 / 0 tx / 0 om / 0 (0.0%) gas / (0xd5b7f8db5b8ce7936a57935ce251b30181f09c9cf8bc1f8f5a5d2981d700631d) in 0.006s. Peers: 7
2026-04-14 09:28:23.020-0500 | EthScheduler-Workers-0 | INFO  | PersistBlockTask | Imported empty block #2,113 / 0 tx / 0 om / 0 (0.0%) gas / (0x6da75b69f35321df3c24732f391711ef3a472e1de9b272144b2e2df9f6a2c632) in 0.005s. Peers: 7
2026-04-14 09:28:28.032-0500 | EthScheduler-Workers-0 | INFO  | PersistBlockTask | Imported empty block #2,114 / 0 tx / 0 om / 0 (0.0%) gas / (0xa2cabc25839ee914af3043e08e98dc856e6636669c0b14a875f9e094f7e6415a) in 0.003s. Peers: 7
2026-04-14 09:28:41.766-0500 | EthScheduler-Workers-0 | INFO  | PersistBlockTask | Imported empty block #2,115 / 0 tx / 0 om / 0 (0.0%) gas / (0xa847f728029eee2dac38e9b03b7d54c10cbc156671b5bc825921a7ed5966eaaf) in 0.005s. Peers: 7
2026-04-14 09:28:46.016-0500 | EthScheduler-Workers-0 | INFO  | PersistBlockTask | Imported empty block #2,116 / 0 tx / 0 om / 0 (0.0%) gas / (0xb02361d4f93462d76fc7083a298394ec92d95f47077a87762158c90c8f75bcbd) in 0.002s. Peers: 7
2026-04-14 09:28:51.016-0500 | EthScheduler-Workers-0 | INFO  | PersistBlockTask | Imported empty block #2,117 / 0 tx / 0 om / 0 (0.0%) gas / (0x3aa8130db2686e15e59b79eb35cc20434edb51eb6ed19e59349e4d7751404c4f) in 0.003s. Peers: 7
2026-04-14 09:28:56.017-0500 | EthScheduler-Workers-0 | INFO  | PersistBlockTask | Imported empty block #2,118 / 0 tx / 0 om / 0 (0.0%) gas / (0xb1bef499e3fa870331f8a7942b85b7ae6e2a38563688d0ddb124a3bbde752013) in 0.003s. Peers: 7
2026-04-14 09:29:09.614-0500 | EthScheduler-Workers-0 | INFO  | PersistBlockTask | Imported empty block #2,119 / 0 tx / 0 om / 0 (0.0%) gas / (0xecc085a1c251af52596c2495291e02074ed5e944f755e33c55d73cc7fbb8d339) in 0.004s. Peers: 7
2026-04-14 09:29:14.027-0500 | EthScheduler-Workers-0 | INFO  | PersistBlockTask | Imported empty block #2,120 / 0 tx / 0 om / 0 (0.0%) gas / (0x969880e3647fb07473540951d05ce085b02f6c8e8913b8a79622bc5ce3dac1b0) in 0.002s. Peers: 7
2026-04-14 09:29:19.020-0500 | EthScheduler-Workers-0 | INFO  | PersistBlockTask | Imported empty block #2,121 / 0 tx / 0 om / 0 (0.0%) gas / (0x91f4e7c4663d0db28cad20b3e9e97fc5cef19ab3fb16981c9fb1342a827b0a6c) in 0.002s. Peers: 7
2026-04-14 09:29:24.024-0500 | EthScheduler-Workers-0 | INFO  | PersistBlockTask | Imported empty block #2,122 / 0 tx / 0 om / 0 (0.0%) gas / (0x718e026eff54138b87929cea2c405838d3d873f8959bf448420ab33bf256b012) in 0.004s. Peers: 7
2026-04-14 09:29:29.021-0500 | EthScheduler-Workers-0 | INFO  | PersistBlockTask | Imported empty block #2,123 / 0 tx / 0 om / 0 (0.0%) gas / (0x1fa813bfb62c6c8474a957c057e08b780783343d21a8debd83f86ea6c4c66bcb) in 0.004s. Peers: 7
2026-04-14 09:29:42.709-0500 | EthScheduler-Workers-0 | INFO  | PersistBlockTask | Imported empty block #2,124 / 0 tx / 0 om / 0 (0.0%) gas / (0x16a59643127a5c26cb68ea341c32ce28b4b9477f528d2da1ea1073b6ee499b73) in 0.003s. Peers: 7
2026-04-14 09:29:47.016-0500 | EthScheduler-Workers-0 | INFO  | PersistBlockTask | Imported empty block #2,125 / 0 tx / 0 om / 0 (0.0%) gas / (0x488227aa395f604fe89926f758f14f6769e9498b9547ad09bbb50a934906200b) in 0.003s. Peers: 7
2026-04-14 09:29:52.017-0500 | EthScheduler-Workers-0 | INFO  | PersistBlockTask | Imported empty block #2,126 / 0 tx / 0 om / 0 (0.0%) gas / (0xbd4094ba2de72968dd00f61831b11d6b2c9985753a50566bbf260492845946bb) in 0.003s. Peers: 7
2026-04-14 09:29:57.016-0500 | EthScheduler-Workers-0 | INFO  | PersistBlockTask | Imported empty block #2,127 / 0 tx / 0 om / 0 (0.0%) gas / (0x05dd03e660dc7783fb14ba1c381fc1319b7eca7977509a065a0cfe4a16c742b3) in 0.003s. Peers: 7
2026-04-14 09:30:10.676-0500 | EthScheduler-Workers-0 | INFO  | PersistBlockTask | Imported empty block #2,128 / 0 tx / 0 om / 0 (0.0%) gas / (0x0cb0ff90ff807d0381ca068173b3d390d5764183e555a5916b5fb993a6a9312c) in 0.004s. Peers: 7
2026-04-14 09:30:15.020-0500 | EthScheduler-Workers-0 | INFO  | PersistBlockTask | Imported empty block #2,129 / 0 tx / 0 om / 0 (0.0%) gas / (0xc18d11575165722fdd4e8686527028d1ef66bfae3a6c8c10de3f81d8111a229a) in 0.004s. Peers: 7
2026-04-14 09:30:20.026-0500 | EthScheduler-Workers-0 | INFO  | PersistBlockTask | Imported empty block #2,130 / 0 tx / 0 om / 0 (0.0%) gas / (0x943a6de6624bfd1d104adbb12d4a3acace393f6fb727156c33fcbf3af556c2e8) in 0.003s. Peers: 7
2026-04-14 09:30:25.018-0500 | EthScheduler-Workers-0 | INFO  | PersistBlockTask | Imported empty block #2,131 / 0 tx / 0 om / 0 (0.0%) gas / (0xb89dfe8df3efd45b91360b012f820cdcdc1b08db6dd3f3cf4df23665e126a391) in 0.004s. Peers: 7
2026-04-14 09:30:30.022-0500 | EthScheduler-Workers-0 | INFO  | PersistBlockTask | Imported empty block #2,132 / 0 tx / 0 om / 0 (0.0%) gas / (0x3d0974493cd0c997bd13a0f2281305ee7e851b3e4d316b20a9050a3d8e44fe17) in 0.004s. Peers: 7
2026-04-14 09:30:43.679-0500 | EthScheduler-Workers-0 | INFO  | PersistBlockTask | Imported empty block #2,133 / 0 tx / 0 om / 0 (0.0%) gas / (0x2d00c98f8a12d46f976ee315c490767fe2cef3d8fca2da297951797cbf48088a) in 0.004s. Peers: 7
2026-04-14 09:30:48.025-0500 | EthScheduler-Workers-0 | INFO  | PersistBlockTask | Imported empty block #2,134 / 0 tx / 0 om / 0 (0.0%) gas / (0x8b63a6c6df813064e4e268890b3e1766ea1244efdedc6d384f052ae20c84c13f) in 0.004s. Peers: 7
2026-04-14 09:30:53.014-0500 | EthScheduler-Workers-0 | INFO  | PersistBlockTask | Imported empty block #2,135 / 0 tx / 0 om / 0 (0.0%) gas / (0xc78c6684356b13b3c10383feb68b16893f1c21336ab82ca9e99129e143d3c13d) in 0.002s. Peers: 7
2026-04-14 09:30:58.019-0500 | EthScheduler-Workers-0 | INFO  | PersistBlockTask | Imported empty block #2,136 / 0 tx / 0 om / 0 (0.0%) gas / (0x4c8807135e3ba9af1f15af06ee88e781415831885a499c0a515180ea8058e5d1) in 0.002s. Peers: 7
2026-04-14 09:31:11.741-0500 | EthScheduler-Workers-0 | INFO  | PersistBlockTask | Imported empty block #2,137 / 0 tx / 0 om / 0 (0.0%) gas / (0x871799f98c66d317004d9e808e586aa022bee208b9998cf03163577599f5ab7f) in 0.003s. Peers: 7
2026-04-14 09:31:16.017-0500 | EthScheduler-Workers-0 | INFO  | PersistBlockTask | Imported empty block #2,138 / 0 tx / 0 om / 0 (0.0%) gas / (0xbf62aa833bbb7a69cf9a82103bc070e771e8b55e524f3e69904cdbcf1145a5ca) in 0.003s. Peers: 7
2026-04-14 09:31:21.016-0500 | EthScheduler-Workers-0 | INFO  | PersistBlockTask | Imported empty block #2,139 / 0 tx / 0 om / 0 (0.0%) gas / (0x8e20eecd86cdbdce33a9c122b0f217d4fb6cd027c431ff488d92ccecd70a69ca) in 0.004s. Peers: 7
2026-04-14 09:31:26.014-0500 | EthScheduler-Workers-0 | INFO  | PersistBlockTask | Imported empty block #2,140 / 0 tx / 0 om / 0 (0.0%) gas / (0x2bb89b59c1dc7dbdaf56c940fbec23fa508e784f4671aaddbfadcf73f1a30e72) in 0.002s. Peers: 7
2026-04-14 09:31:31.015-0500 | EthScheduler-Workers-0 | INFO  | PersistBlockTask | Imported empty block #2,141 / 0 tx / 0 om / 0 (0.0%) gas / (0x7dfbc962f9477fdd4ef4114401a4b271abc7a746aaaa95374785ecbec0405b69) in 0.003s. Peers: 7
2026-04-14 09:31:44.642-0500 | EthScheduler-Workers-0 | INFO  | PersistBlockTask | Imported empty block #2,142 / 0 tx / 0 om / 0 (0.0%) gas / (0xadf688aa571bcd784ef21acc135c442bb643262f8f1730d3f80b06ac9f1919a1) in 0.003s. Peers: 7
2026-04-14 09:31:49.020-0500 | EthScheduler-Workers-0 | INFO  | PersistBlockTask | Imported empty block #2,143 / 0 tx / 0 om / 0 (0.0%) gas / (0xedca9fcae283ccba0ba3b34c266269d47ebd1f129950e83a0d7e007759089be0) in 0.005s. Peers: 7
2026-04-14 09:31:54.013-0500 | EthScheduler-Workers-0 | INFO  | PersistBlockTask | Imported empty block #2,144 / 0 tx / 0 om / 0 (0.0%) gas / (0x4f903ff24e4480b310acdf0890708e4cc9d1323ee089c2e70041e11fec50f27c) in 0.003s. Peers: 7
2026-04-14 09:31:59.015-0500 | EthScheduler-Workers-0 | INFO  | PersistBlockTask | Imported empty block #2,145 / 0 tx / 0 om / 0 (0.0%) gas / (0xd7b8cf3f0290d0ab29d7a43fd4ad2effa184d8ea256cdfcc3fd4ea7592cdb525) in 0.003s. Peers: 7
2026-04-14 09:32:04.024-0500 | EthScheduler-Workers-0 | INFO  | PersistBlockTask | Imported empty block #2,146 / 0 tx / 0 om / 0 (0.0%) gas / (0xde75b7b3b2c08833df9a5896dd53ede2d91a261a954c6ded619f8f38270ecf9b) in 0.004s. Peers: 7
2026-04-14 09:32:17.712-0500 | EthScheduler-Workers-0 | INFO  | PersistBlockTask | Imported empty block #2,147 / 0 tx / 0 om / 0 (0.0%) gas / (0x3c49eeb854cb33f78a332f1c9fc04f2e6ab805432908439a73df42b0781d57a1) in 0.005s. Peers: 7
2026-04-14 09:32:22.016-0500 | EthScheduler-Workers-0 | INFO  | PersistBlockTask | Imported empty block #2,148 / 0 tx / 0 om / 0 (0.0%) gas / (0x3a7f64057142a65b497d53a5d5dbf31ef161035fd7748c02f97d8990cdf29c53) in 0.002s. Peers: 7
2026-04-14 09:32:27.033-0500 | EthScheduler-Workers-0 | INFO  | PersistBlockTask | Imported empty block #2,149 / 0 tx / 0 om / 0 (0.0%) gas / (0x00ecab33aede704a00168d19a1dff6cb7f64d1b9def884e52c9212f4f8ad17a9) in 0.003s. Peers: 7
2026-04-14 09:32:32.023-0500 | EthScheduler-Workers-0 | INFO  | PersistBlockTask | Imported empty block #2,150 / 0 tx / 0 om / 0 (0.0%) gas / (0x5b759c5e5f3430f8d62844aa2ee49d82ffd919776fd7dc9ccec693c0f0ba4816) in 0.003s. Peers: 7
2026-04-14 09:32:45.711-0500 | EthScheduler-Workers-0 | INFO  | PersistBlockTask | Imported empty block #2,151 / 0 tx / 0 om / 0 (0.0%) gas / (0x32d6a844b29e634d77842cfa54aed30b15b9c430523bcc01be8d31fe47a26701) in 0.003s. Peers: 7
2026-04-14 09:32:50.014-0500 | EthScheduler-Workers-0 | INFO  | PersistBlockTask | Imported empty block #2,152 / 0 tx / 0 om / 0 (0.0%) gas / (0x57b67993f3f61f8ed1e8cea19156785e754a2f04bf4a3760e0553f03409c4ccd) in 0.002s. Peers: 7
2026-04-14 09:32:55.020-0500 | EthScheduler-Workers-0 | INFO  | PersistBlockTask | Imported empty block #2,153 / 0 tx / 0 om / 0 (0.0%) gas / (0x19f471795b91fb5398d2b418f6be332f89f5f5370bd94364e52dde8667016865) in 0.002s. Peers: 7
2026-04-14 09:33:00.016-0500 | EthScheduler-Workers-0 | INFO  | PersistBlockTask | Imported empty block #2,154 / 0 tx / 0 om / 0 (0.0%) gas / (0x306e2e13e0a079417f372ac3a1b3dc4baac06ff3a2c9439cbbbfd133487c49bf) in 0.003s. Peers: 7
2026-04-14 09:33:05.016-0500 | EthScheduler-Workers-0 | INFO  | PersistBlockTask | Imported empty block #2,155 / 0 tx / 0 om / 0 (0.0%) gas / (0x6608aa73335f02b4c343aed042ec980d94784accc5506e22038917758a661fd9) in 0.003s. Peers: 7
2026-04-14 09:33:18.679-0500 | EthScheduler-Workers-0 | INFO  | PersistBlockTask | Imported empty block #2,156 / 0 tx / 0 om / 0 (0.0%) gas / (0x4d5addbd12bb35e81252de12b2cf552fbe169f6743684eb9c263653244ec46e1) in 0.003s. Peers: 7
2026-04-14 09:33:23.017-0500 | EthScheduler-Workers-0 | INFO  | PersistBlockTask | Imported empty block #2,157 / 0 tx / 0 om / 0 (0.0%) gas / (0x7f436eadde0ba7e53fb3d1a6e3a1e29ffa2dcb6baa194ab13eb80571734b9921) in 0.004s. Peers: 7
2026-04-14 09:33:28.016-0500 | EthScheduler-Workers-0 | INFO  | PersistBlockTask | Imported empty block #2,158 / 0 tx / 0 om / 0 (0.0%) gas / (0x1c3b6ceb6cf9127938a2037b2ba7a69ce939d45ee282e4ddf38bc6db8039197d) in 0.003s. Peers: 7
2026-04-14 09:33:33.015-0500 | EthScheduler-Workers-0 | INFO  | PersistBlockTask | Imported empty block #2,159 / 0 tx / 0 om / 0 (0.0%) gas / (0x5d5486ff2a9e67932388554fd6eb4ee3c8b28322b9519194e60747f80846b162) in 0.002s. Peers: 7
2026-04-14 09:33:46.729-0500 | EthScheduler-Workers-0 | INFO  | PersistBlockTask | Imported empty block #2,160 / 0 tx / 0 om / 0 (0.0%) gas / (0x795d3dd7717b44fffc0115109742698c22e5df348a4b6791a83c90fd616a90c0) in 0.003s. Peers: 7
2026-04-14 09:33:51.021-0500 | EthScheduler-Workers-0 | INFO  | PersistBlockTask | Imported empty block #2,161 / 0 tx / 0 om / 0 (0.0%) gas / (0xc49cbc21bf15fd5111f3a8631267633388948d1d4435abbca04c6085ac010b30) in 0.004s. Peers: 7
2026-04-14 09:33:56.016-0500 | EthScheduler-Workers-0 | INFO  | PersistBlockTask | Imported empty block #2,162 / 0 tx / 0 om / 0 (0.0%) gas / (0x791ad889ec0467fd04f230674eb1eddb557e718b1d902e57c0a22f0d9ccadce8) in 0.004s. Peers: 7
2026-04-14 09:34:01.017-0500 | EthScheduler-Workers-0 | INFO  | PersistBlockTask | Imported empty block #2,163 / 0 tx / 0 om / 0 (0.0%) gas / (0x287759df0e56315a3214c529970720e4502b4ce1e52fd6adf6ac31c735ae9b3d) in 0.004s. Peers: 7
2026-04-14 09:34:06.021-0500 | EthScheduler-Workers-0 | INFO  | PersistBlockTask | Imported empty block #2,164 / 0 tx / 0 om / 0 (0.0%) gas / (0x3705f00ad243ec032d13f3c6cb3501b4675d01f7e6849565c2e3fbb7f1023eea) in 0.006s. Peers: 7
2026-04-14 09:34:19.739-0500 | EthScheduler-Workers-0 | INFO  | PersistBlockTask | Imported empty block #2,165 / 0 tx / 0 om / 0 (0.0%) gas / (0xdbefcec126451eedf01c7b750b9d7a89f4b788d619b4ec30423493a1c6bab43a) in 0.007s. Peers: 7
2026-04-14 09:34:24.013-0500 | EthScheduler-Workers-0 | INFO  | PersistBlockTask | Imported empty block #2,166 / 0 tx / 0 om / 0 (0.0%) gas / (0xb2790afbd79dfcdcf92b3cdc8ad33a457e23e1e633553644434b9678e4be2d4a) in 0.002s. Peers: 7
2026-04-14 09:34:29.012-0500 | EthScheduler-Workers-0 | INFO  | PersistBlockTask | Imported empty block #2,167 / 0 tx / 0 om / 0 (0.0%) gas / (0xbb6a609701c52ec63cbf77ad888eae8a31d1aeca868a2b08656326dfa9c4bd55) in 0.002s. Peers: 7
2026-04-14 09:34:34.011-0500 | EthScheduler-Workers-0 | INFO  | PersistBlockTask | Imported empty block #2,168 / 0 tx / 0 om / 0 (0.0%) gas / (0x1a47124aa2065f02d8452a838eaaca52a24a27cb14e98d5f98706edde88ebbce) in 0.001s. Peers: 7
2026-04-14 09:34:39.025-0500 | EthScheduler-Workers-0 | INFO  | PersistBlockTask | Imported empty block #2,169 / 0 tx / 0 om / 0 (0.0%) gas / (0x8380d3495ac5068448f0552e1481a5c1b406fed3ee1cbfd9e035843cc1abade4) in 0.003s. Peers: 7
2026-04-14 09:34:52.710-0500 | EthScheduler-Workers-0 | INFO  | PersistBlockTask | Imported empty block #2,170 / 0 tx / 0 om / 0 (0.0%) gas / (0xcffe911bf2343bcd28fe3119467cb0435d1be32660e68dd50874ce71f207502d) in 0.004s. Peers: 7
2026-04-14 09:34:57.020-0500 | EthScheduler-Workers-0 | INFO  | PersistBlockTask | Imported empty block #2,171 / 0 tx / 0 om / 0 (0.0%) gas / (0xe0aaf2c0e45e17a4f76e389b172eb6566e66a8afb5f7ca018c7be472b0c1fe2a) in 0.002s. Peers: 7
2026-04-14 09:35:02.032-0500 | EthScheduler-Workers-0 | INFO  | PersistBlockTask | Imported empty block #2,172 / 0 tx / 0 om / 0 (0.0%) gas / (0xbdef37068241464183ce5d23e0d4d396a1957b3d0438a0d8412b4359c2a217f0) in 0.002s. Peers: 7
2026-04-14 09:35:07.019-0500 | EthScheduler-Workers-0 | INFO  | PersistBlockTask | Imported empty block #2,173 / 0 tx / 0 om / 0 (0.0%) gas / (0x8b9bcf1bb8d16c47dc1a817754f5078f5d2e8cad32c8757c38afdf601c9a4072) in 0.003s. Peers: 7
2026-04-14 09:35:20.716-0500 | EthScheduler-Workers-0 | INFO  | PersistBlockTask | Imported empty block #2,174 / 0 tx / 0 om / 0 (0.0%) gas / (0x9986ac4af960d439b6d33e87c10d7bceb23c3a22f95c1a9abec45066ee86c8b4) in 0.005s. Peers: 7
2026-04-14 09:35:25.016-0500 | EthScheduler-Workers-0 | INFO  | PersistBlockTask | Imported empty block #2,175 / 0 tx / 0 om / 0 (0.0%) gas / (0xdcce04644d3692fe5d27ff2ade3baa4770cbca14fd368c3d8944c8ceebc55386) in 0.002s. Peers: 7
2026-04-14 09:35:30.017-0500 | EthScheduler-Workers-0 | INFO  | PersistBlockTask | Imported empty block #2,176 / 0 tx / 0 om / 0 (0.0%) gas / (0x36daa13c95910970cc5be8663f0fec99989364deb14782025d01619d37236fc9) in 0.002s. Peers: 7
2026-04-14 09:35:35.012-0500 | EthScheduler-Workers-0 | INFO  | PersistBlockTask | Imported empty block #2,177 / 0 tx / 0 om / 0 (0.0%) gas / (0x8f92b8791bbac1005c3f4790dd705b86e0c8ed9aee3fd72f5b7b9b152d52dab3) in 0.002s. Peers: 7
2026-04-14 09:35:40.012-0500 | EthScheduler-Workers-0 | INFO  | PersistBlockTask | Imported empty block #2,178 / 0 tx / 0 om / 0 (0.0%) gas / (0x4fa4e4f1016afb904032607dd41bc3937eec0ef911a997c12f2209fed90c3a83) in 0.002s. Peers: 7
2026-04-14 09:35:53.694-0500 | EthScheduler-Workers-0 | INFO  | PersistBlockTask | Imported empty block #2,179 / 0 tx / 0 om / 0 (0.0%) gas / (0x0a1f81f92295b5c04f3a5a0471e51208fa0e28987afa000654d6f05d98031ee0) in 0.002s. Peers: 7
2026-04-14 09:35:58.011-0500 | EthScheduler-Workers-0 | INFO  | PersistBlockTask | Imported empty block #2,180 / 0 tx / 0 om / 0 (0.0%) gas / (0xa9726e5d308468c8d0583e0cbccaa77fbf52fe2caf31932e2a6c33b86fb19e6f) in 0.002s. Peers: 7
2026-04-14 09:36:03.017-0500 | EthScheduler-Workers-0 | INFO  | PersistBlockTask | Imported empty block #2,181 / 0 tx / 0 om / 0 (0.0%) gas / (0x87ea81986f59ff3026b174f946852226cfde07c41359f99d7232f333e1941642) in 0.002s. Peers: 7
2026-04-14 09:36:08.034-0500 | EthScheduler-Workers-0 | INFO  | PersistBlockTask | Imported empty block #2,182 / 0 tx / 0 om / 0 (0.0%) gas / (0x3550a00bc58fe8ec65a6c9b6f21232bfdd81b7641c8b2341dfbd2ee8d504d09f) in 0.003s. Peers: 7
2026-04-14 09:36:21.679-0500 | EthScheduler-Workers-0 | INFO  | PersistBlockTask | Imported empty block #2,183 / 0 tx / 0 om / 0 (0.0%) gas / (0xdca6439c2349e335accda5c73bcf37ea5ee51bcbedea349768499d68475b165b) in 0.004s. Peers: 7
2026-04-14 09:36:26.018-0500 | EthScheduler-Workers-0 | INFO  | PersistBlockTask | Imported empty block #2,184 / 0 tx / 0 om / 0 (0.0%) gas / (0xaefb4e4d190f7401589db7c2022faf2296752cdb9f293e61b024241d83a35b67) in 0.003s. Peers: 7
2026-04-14 09:36:31.091-0500 | EthScheduler-Workers-0 | INFO  | PersistBlockTask | Imported empty block #2,185 / 0 tx / 0 om / 0 (0.0%) gas / (0xa7caacb37acfe271f7371b80a950c1afa63183ec81b47604bde8c45db7b30886) in 0.002s. Peers: 7
2026-04-14 09:36:36.021-0500 | EthScheduler-Workers-0 | INFO  | PersistBlockTask | Imported empty block #2,186 / 0 tx / 0 om / 0 (0.0%) gas / (0xa28b0c924bf509704928a8ec4ebfd5145874932f638b81a19211f82f5ffd6443) in 0.004s. Peers: 7
2026-04-14 09:36:41.018-0500 | EthScheduler-Workers-0 | INFO  | PersistBlockTask | Imported empty block #2,187 / 0 tx / 0 om / 0 (0.0%) gas / (0x48ffdd8bed2350e3a907e6f6bc0e0fead7bf4a8be39caf9aba71f83f19f8c4dc) in 0.003s. Peers: 7
2026-04-14 09:36:54.645-0500 | EthScheduler-Workers-0 | INFO  | PersistBlockTask | Imported empty block #2,188 / 0 tx / 0 om / 0 (0.0%) gas / (0x504b45ca01c73eadcfaede37fb6aecb1f82da511e0775e1822fa69c31de61cd0) in 0.002s. Peers: 7
2026-04-14 09:36:59.011-0500 | EthScheduler-Workers-0 | INFO  | PersistBlockTask | Imported empty block #2,189 / 0 tx / 0 om / 0 (0.0%) gas / (0xcf0eeeafba46f1087c20225c17a2d01c39aa5bd34054e49c94d920ea5e870eb8) in 0.002s. Peers: 7
2026-04-14 09:37:04.013-0500 | EthScheduler-Workers-0 | INFO  | PersistBlockTask | Imported empty block #2,190 / 0 tx / 0 om / 0 (0.0%) gas / (0x699956aa2785220aa5dfb1c91149c4b1a1c721f200169d3d35aa122c4877ceec) in 0.002s. Peers: 7
2026-04-14 09:37:09.013-0500 | EthScheduler-Workers-0 | INFO  | PersistBlockTask | Imported empty block #2,191 / 0 tx / 0 om / 0 (0.0%) gas / (0x852b0a25ef0d696f362581c6dfd6361aa9081fd1ad6a5229201bb52b7b53381c) in 0.003s. Peers: 7
2026-04-14 09:37:22.722-0500 | EthScheduler-Workers-0 | INFO  | PersistBlockTask | Imported empty block #2,192 / 0 tx / 0 om / 0 (0.0%) gas / (0xf7c43452cef3dcbacb14e1d17ea9b49fa17f1c5d18a994312f8c716efb6524c5) in 0.003s. Peers: 7
2026-04-14 09:37:27.020-0500 | EthScheduler-Workers-0 | INFO  | PersistBlockTask | Imported empty block #2,193 / 0 tx / 0 om / 0 (0.0%) gas / (0x33b93cb0bd316d55f16424aed8efb9e8740e7470a8482fa1eee3f4b7169cc0a9) in 0.002s. Peers: 7
2026-04-14 09:37:32.016-0500 | EthScheduler-Workers-0 | INFO  | PersistBlockTask | Imported empty block #2,194 / 0 tx / 0 om / 0 (0.0%) gas / (0x3e7443b1a6cf311dae1eba6d5653762812ee8896e4f3cbccbe4def353f135c62) in 0.003s. Peers: 7
2026-04-14 09:37:37.013-0500 | EthScheduler-Workers-0 | INFO  | PersistBlockTask | Imported empty block #2,195 / 0 tx / 0 om / 0 (0.0%) gas / (0x9537b3c839ff63e474582e445ece4fe09ff260ce8e5b5287d4887bcb55538b88) in 0.003s. Peers: 7
2026-04-14 09:37:42.012-0500 | EthScheduler-Workers-0 | INFO  | PersistBlockTask | Imported empty block #2,196 / 0 tx / 0 om / 0 (0.0%) gas / (0xd46c43fdb7ab5d29fb8598f5dda81d3f199051824538ee51fb144115a3bb83fc) in 0.003s. Peers: 7
2026-04-14 09:37:55.698-0500 | EthScheduler-Workers-0 | INFO  | PersistBlockTask | Imported empty block #2,197 / 0 tx / 0 om / 0 (0.0%) gas / (0x00d96edf9ed3f3b4214946f84751586a2f0f1ba9267e43235494c585b1af0428) in 0.003s. Peers: 7
2026-04-14 09:38:00.018-0500 | EthScheduler-Workers-0 | INFO  | PersistBlockTask | Imported empty block #2,198 / 0 tx / 0 om / 0 (0.0%) gas / (0x236424bbb43e0c09d106232a6f06bf5728b8b08b0052b10c3d7d6f29085f8ec7) in 0.005s. Peers: 7
2026-04-14 09:38:05.020-0500 | EthScheduler-Workers-0 | INFO  | PersistBlockTask | Imported empty block #2,199 / 0 tx / 0 om / 0 (0.0%) gas / (0x988510e7fb0e408a497ccfb9d1c4edf22a9dc22fa0854dbf2d8869f2ebe87397) in 0.002s. Peers: 7
2026-04-14 09:38:10.018-0500 | EthScheduler-Workers-0 | INFO  | PersistBlockTask | Imported empty block #2,200 / 0 tx / 0 om / 0 (0.0%) gas / (0x7ec8fcf9f557c1960229e6b1ca8567c6b38ad8fec46eaefbe1716cf1e4a638ad) in 0.001s. Peers: 7
2026-04-14 09:38:15.019-0500 | EthScheduler-Workers-0 | INFO  | PersistBlockTask | Imported empty block #2,201 / 0 tx / 0 om / 0 (0.0%) gas / (0x57329ee962b7f234452c907d9a638790ba42271b3625673959304bf2b2dd019e) in 0.005s. Peers: 7
2026-04-14 09:38:28.692-0500 | EthScheduler-Workers-0 | INFO  | PersistBlockTask | Imported empty block #2,202 / 0 tx / 0 om / 0 (0.0%) gas / (0x191c355f04f80acc65f9aa9bde0d9d424dd4d51f041c954cc09fdebfe976e0f0) in 0.004s. Peers: 7
2026-04-14 09:38:33.018-0500 | EthScheduler-Workers-0 | INFO  | PersistBlockTask | Imported empty block #2,203 / 0 tx / 0 om / 0 (0.0%) gas / (0x9a887921804322e1851c7c86afdcf800eb4a58d676a6b9475e402698bbd4f44f) in 0.002s. Peers: 7
2026-04-14 09:38:38.022-0500 | EthScheduler-Workers-0 | INFO  | PersistBlockTask | Imported empty block #2,204 / 0 tx / 0 om / 0 (0.0%) gas / (0xd468fab4cba991913f420075a92e9dade7a795988d96243bbdd0cc59ec85e7a5) in 0.003s. Peers: 7
2026-04-14 09:38:43.016-0500 | EthScheduler-Workers-0 | INFO  | PersistBlockTask | Imported empty block #2,205 / 0 tx / 0 om / 0 (0.0%) gas / (0xe7363a0b2807dd17fae828d939473cda7a4f5b9ef40a8017272f10d6acbaca13) in 0.003s. Peers: 7
2026-04-14 09:38:56.679-0500 | EthScheduler-Workers-0 | INFO  | PersistBlockTask | Imported empty block #2,206 / 0 tx / 0 om / 0 (0.0%) gas / (0xea682b675f3162c3e4852199420c5e8eb60bb803e562e7f45f6ddba6135c121c) in 0.003s. Peers: 7
2026-04-14 09:39:01.020-0500 | EthScheduler-Workers-0 | INFO  | PersistBlockTask | Imported empty block #2,207 / 0 tx / 0 om / 0 (0.0%) gas / (0xec0e2f73ad7b892f60fa90f8409c280b81829f74af17186164048779f0332ec5) in 0.004s. Peers: 7
2026-04-14 09:39:06.017-0500 | EthScheduler-Workers-0 | INFO  | PersistBlockTask | Imported empty block #2,208 / 0 tx / 0 om / 0 (0.0%) gas / (0xd794ccb6c60aa192aaaa86fb9a83cffc261a81f86a35e1afe70d916afd257cab) in 0.003s. Peers: 7
2026-04-14 09:39:11.022-0500 | EthScheduler-Workers-0 | INFO  | PersistBlockTask | Imported empty block #2,209 / 0 tx / 0 om / 0 (0.0%) gas / (0x8ff26327a6da39c4383dccf8d9d48e5599e8f0ba2a3d7d31738a422a23a443cf) in 0.004s. Peers: 7
2026-04-14 09:39:16.021-0500 | EthScheduler-Workers-0 | INFO  | PersistBlockTask | Imported empty block #2,210 / 0 tx / 0 om / 0 (0.0%) gas / (0x35b3d4624cd9c95be8fac2f789d716036402d7be2c515e5ab947f7aad627f30b) in 0.004s. Peers: 7
